\BOOKMARK [1][-]{section.1}{Introduction}{}% 1
\BOOKMARK [1][-]{section.2}{Related Work}{}% 2
\BOOKMARK [1][-]{section.3}{Setup and Background}{}% 3
\BOOKMARK [2][-]{subsection.3.1}{The Fourier multiplication algorithm}{section.3}% 4
\BOOKMARK [1][-]{section.4}{Reverse engineering a one-layer transformer}{}% 5
\BOOKMARK [2][-]{subsection.4.1}{Suggestive evidence: surprising periodicity}{section.4}% 6
\BOOKMARK [2][-]{subsection.4.2}{Mechanistic Evidence: Composing Model Weights}{section.4}% 7
\BOOKMARK [2][-]{subsection.4.3}{Zooming In: Approximating Neurons with Sines and Cosines}{section.4}% 8
\BOOKMARK [2][-]{subsection.4.4}{Correctness checks: ablations}{section.4}% 9
\BOOKMARK [1][-]{section.5}{Understanding grokking behavior using progress measures}{}% 10
\BOOKMARK [2][-]{subsection.5.1}{Progress measures}{section.5}% 11
\BOOKMARK [2][-]{subsection.5.2}{Phases of grokking: memorization, circuit formation, and cleanup}{section.5}% 12
\BOOKMARK [2][-]{subsection.5.3}{Grokking and Weight Decay}{section.5}% 13
\BOOKMARK [1][-]{section.6}{Conclusion and discussion}{}% 14
\BOOKMARK [1][-]{appendix.A}{Mathematical Structure of the Transformer}{}% 15
\BOOKMARK [2][-]{subsection.A.1}{Empirical Model Simplifications}{appendix.A}% 16
\BOOKMARK [1][-]{appendix.B}{Why use constructive intereference?}{}% 17
\BOOKMARK [1][-]{appendix.C}{Supporting evidence for mechanistic analysis of modular arithmetic networks}{}% 18
\BOOKMARK [2][-]{subsection.C.1}{Further analysis of the specific training run discussed in the paper}{appendix.C}% 19
\BOOKMARK [3][-]{subsubsection.C.1.1}{Periodicity in the activations of other attention heads}{subsection.C.1}% 20
\BOOKMARK [3][-]{subsubsection.C.1.2}{The attention pattern weights are well approximated by differences of sines and cosines of a single frequency.}{subsection.C.1}% 21
\BOOKMARK [3][-]{subsubsection.C.1.3}{Periodicity in the activations of additional neurons}{subsection.C.1}% 22
\BOOKMARK [3][-]{subsubsection.C.1.4}{Additional grokking figures for mainline run}{subsection.C.1}% 23
\BOOKMARK [2][-]{subsection.C.2}{Additional results from different runs}{appendix.C}% 24
\BOOKMARK [3][-]{subsubsection.C.2.1}{Additional results for different runs with the same architecture}{subsection.C.2}% 25
\BOOKMARK [3][-]{subsubsection.C.2.2}{Results for other experimental setups}{subsection.C.2}% 26
\BOOKMARK [3][-]{subsubsection.C.2.3}{Generalizing models consistently use the Fourier Multiplication Algorithm}{subsection.C.2}% 27
\BOOKMARK [1][-]{appendix.D}{Additional results on grokking}{}% 28
\BOOKMARK [2][-]{subsection.D.1}{Both regularization and limited data are necessary for grokking}{appendix.D}% 29
\BOOKMARK [2][-]{subsection.D.2}{The slingshot mechanism often occurs, but is unnecessary for grokking}{appendix.D}% 30
\BOOKMARK [2][-]{subsection.D.3}{Additional evidence from other algorithmic tasks}{appendix.D}% 31
\BOOKMARK [1][-]{appendix.E}{Further speculations on grokking}{}% 32
\BOOKMARK [2][-]{subsection.E.1}{An intuitive explanation of grokking}{appendix.E}% 33
\BOOKMARK [2][-]{subsection.E.2}{Hypothesis: Phase Transitions are inherent to composition}{appendix.E}% 34
\BOOKMARK [1][-]{appendix.F}{Further discussion on using mechanistic interpretability and progress measures for studying emergent phenomena}{}% 35
